Microchip MPLAB XC8 Compiler V2.32

Linker command line:

-W-3 --edf=C:\Program Files\Microchip\xc8\v2.32\pic\dat\en_msgs.txt -cn \
  -h+dist/default/production\Controle-de-temperatura.production.sym \
  --cmf=dist/default/production\Controle-de-temperatura.production.cmf -z \
  -Q18F4550 -oC:\Users\VICTOR~1\AppData\Local\Temp\xcAs5e0.4 \
  --defsym=__MPLAB_BUILD=1 \
  -Mdist/default/production/Controle-de-temperatura.production.map -E1 \
  -ver=XC8 Compiler --acfsm=1493 -ASTACK=0158h-07FFh -pstack=STACK \
  -ACODE=00h-07FFFh -ACONST=00h-07FFFh -ASMALLCONST=0800h-08FFhx120 \
  -AMEDIUMCONST=0800h-07FFFh -ACOMRAM=01h-05Fh -AABS1=00h-07FFh \
  -ABIGRAM=01h-07FFh -ARAM=060h-0FFh,0100h-01FFhx7 -ABANK0=060h-0FFh \
  -ABANK1=0100h-01FFh -ABANK2=0200h-02FFh -ABANK3=0300h-03FFh \
  -ABANK4=0400h-04FFh -ABANK5=0500h-05FFh -ABANK6=0600h-06FFh \
  -ABANK7=0700h-07FFh -ASFR=0F60h-0FFFh -ACONFIG=0300000h-030000Dh \
  -AIDLOC=0200000h-0200007h -AEEDATA=0F00000h-0F000FFh -peeprom_data=EEDATA \
  -preset_vec=00h,intcode=08h,intcodelo,powerup,init -pramtop=0800h \
  -psmallconst=SMALLCONST -pmediumconst=MEDIUMCONST -pconst=CONST \
  -AFARRAM=00h-00h \
  -prdata=COMRAM,nvrram=COMRAM,nvbit=COMRAM,rbss=COMRAM,rbit=COMRAM \
  -pfarbss=FARRAM,fardata=FARRAM,nvFARRAM=FARRAM \
  -pintsave_regs=BIGRAM,bigbss=BIGRAM,bigdata=BIGRAM -pbss=RAM \
  -pidata=CODE,irdata=CODE,ibigdata=CODE,ifardata=CODE -prparam=COMRAM \
  C:\Users\VICTOR~1\AppData\Local\Temp\xcAs5e0.o \
  dist/default/production\Controle-de-temperatura.production.o 

Object code version is 3.11

Machine type is 18F4550



                Name                               Link     Load   Length Selector   Space Scale
C:\Users\VICTOR~1\AppData\Local\Temp\xcAs5e0.o
                idloc                            200000   200000        8        0       5
                config                           300000   300000        E        0       4
                init                                  E        E        4        4       0
                reset_vec                             0        0        4        0       0
dist/default/production\Controle-de-temperatura.production.o
                intcode                               8        8        6        4       0
                idloc                            200000   200000        8        0       5
                config                           300000   300000        E        0       4
                temp                                 41       41        1        1       1
                smallconst                          800      800       3E      400       0
                text44                             32B4     32B4      104      41F       0
                text43                             4164     4164       1A      41F       0
                text42                             3F26     3F26       4E      41F       0
                text41                             3C3E     3C3E       7C      41F       0
                text40                             414A     414A       1A      41F       0
                text39                             418C     418C        E      41F       0
                text38                             39B0     39B0       B2      41F       0
                text37                             1ECA     1ECA      4C0      41F       0
                text36                             3688     3688       D2      41F       0
                text35                             4002     4002       46      41F       0
                intcode_body                       2D68     2D68      1AC      41F       0
                text33                             4130     4130       1A      41F       0
                text32                             3ED8     3ED8       4E      41F       0
                text31                             3BBC     3BBC       82      41F       0
                text30                             4116     4116       1A      41F       0
                text29                             417E     417E        E      41F       0
                text28                             40F0     40F0       26      41F       0
                text27                             40B8     40B8       38      41F       0
                text26                             3E86     3E86       52      41F       0
                text25                             2F14     2F14      194      41F       0
                text24                             38EC     38EC       C4      41F       0
                text23                             3A62     3A62       B0      41F       0
                text22                             27B6     27B6      39C      41F       0
                text21                             3B12     3B12       AA      41F       0
                text20                             31AE     31AE      106      41F       0
                text19                             238A     238A      42C      41F       0
                text18                             4080     4080       38      41F       0
                text17                             1A08     1A08      4C2      41F       0
                text16                             3F74     3F74       48      41F       0
                text15                             30A8     30A8      106      41F       0
                text14                             33B8     33B8      100      41F       0
                text13                             2B52     2B52      216      41F       0
                text12                             41A2     41A2        2      41F       0
                text11                             375A     375A       CA      41F       0
                text10                             3FBC     3FBC       46      41F       0
                text9                              3824     3824       C8      41F       0
                text8                              3D7E     3D7E       5C      41F       0
                text7                              4048     4048       38      41F       0
                text6                              3D1C     3D1C       62      41F       0
                text5                               83E      83E      C5E      41F       0
                text4                              35B2     35B2       D6      41F       0
                text3                              149C     149C      56C      41F       0
                text2                              3CBA     3CBA       62      41F       0
                text1                              3DDA     3DDA       5A      41F       0
                text0                              34B8     34B8       FA      41F       0
                cstackCOMRAM                          1        1       2A        1       1
                cstackBANK0                          60       60       8F       60       1
                cstackBANK1                         150      150        8      100       1
                bssBANK1                            100      100       50      100       1
                bssBANK0                             EF       EF        E       60       1
                dataCOMRAM                           39       39        8        1       1
                bssCOMRAM                            2B       2B        E        1       1
                cinit                              3E34     3E34       52      41F       0
                idataCOMRAM                        419A     419A        8      41F       0

TOTAL           Name                               Link     Load   Length     Space
        CLASS   STACK          

        CLASS   CODE           
                intcode                               8        8        6         0
                init                                  E        E        4         0
                reset_vec                             0        0        4         0
                text44                             32B4     32B4      104         0
                text43                             4164     4164       1A         0
                text42                             3F26     3F26       4E         0
                text41                             3C3E     3C3E       7C         0
                text40                             414A     414A       1A         0
                text39                             418C     418C        E         0
                text38                             39B0     39B0       B2         0
                text37                             1ECA     1ECA      4C0         0
                text36                             3688     3688       D2         0
                text35                             4002     4002       46         0
                intcode_body                       2D68     2D68      1AC         0
                text33                             4130     4130       1A         0
                text32                             3ED8     3ED8       4E         0
                text31                             3BBC     3BBC       82         0
                text30                             4116     4116       1A         0
                text29                             417E     417E        E         0
                text28                             40F0     40F0       26         0
                text27                             40B8     40B8       38         0
                text26                             3E86     3E86       52         0
                text25                             2F14     2F14      194         0
                text24                             38EC     38EC       C4         0
                text23                             3A62     3A62       B0         0
                text22                             27B6     27B6      39C         0
                text21                             3B12     3B12       AA         0
                text20                             31AE     31AE      106         0
                text19                             238A     238A      42C         0
                text18                             4080     4080       38         0
                text17                             1A08     1A08      4C2         0
                text16                             3F74     3F74       48         0
                text15                             30A8     30A8      106         0
                text14                             33B8     33B8      100         0
                text13                             2B52     2B52      216         0
                text12                             41A2     41A2        2         0
                text11                             375A     375A       CA         0
                text10                             3FBC     3FBC       46         0
                text9                              3824     3824       C8         0
                text8                              3D7E     3D7E       5C         0
                text7                              4048     4048       38         0
                text6                              3D1C     3D1C       62         0
                text5                               83E      83E      C5E         0
                text4                              35B2     35B2       D6         0
                text3                              149C     149C      56C         0
                text2                              3CBA     3CBA       62         0
                text1                              3DDA     3DDA       5A         0
                text0                              34B8     34B8       FA         0
                cinit                              3E34     3E34       52         0
                idataCOMRAM                        419A     419A        8         0

        CLASS   CONST          

        CLASS   SMALLCONST     
                smallconst                          800      800       3E         0

        CLASS   MEDIUMCONST    

        CLASS   COMRAM         
                temp                                 41       41        1         1
                cstackCOMRAM                          1        1       2A         1
                dataCOMRAM                           39       39        8         1
                bssCOMRAM                            2B       2B        E         1

        CLASS   ABS1           

        CLASS   BIGRAM         

        CLASS   RAM            

        CLASS   BANK0          
                cstackBANK0                          60       60       8F         1
                bssBANK0                             EF       EF        E         1

        CLASS   BANK1          
                cstackBANK1                         150      150        8         1
                bssBANK1                            100      100       50         1

        CLASS   BANK2          

        CLASS   BANK3          

        CLASS   BANK4          

        CLASS   BANK5          

        CLASS   BANK6          

        CLASS   BANK7          

        CLASS   SFR            

        CLASS   CONFIG         
                config                           300000   300000        E         4

        CLASS   IDLOC          
                idloc                            200000   200000        8         5

        CLASS   EEDATA         

        CLASS   FARRAM         



SEGMENTS        Name                           Load    Length   Top    Selector   Space  Class

                reset_vec                      000000  000004  000004         0       0  CODE    
                cstackCOMRAM                   000001  000041  000042         1       1  COMRAM  
                intcode                        000008  00000A  000012         4       0  CODE    
                cstackBANK0                    000060  00009D  0000FD        60       1  BANK0   
                bssBANK1                       000100  000058  000158       100       1  BANK1   
                smallconst                     000800  00003E  00083E       400       0  SMALLCON
                text5                          00083E  003966  0041A4       41F       0  CODE    


UNUSED ADDRESS RANGES

        Name                Unused          Largest block    Delta
        BANK0            0000FD-0000FF                3
        BANK1            000158-0001FF               A8
        BANK2            000200-0002FF              100
        BANK3            000300-0003FF              100
        BANK4            000400-0004FF              100
        BANK5            000500-0005FF              100
        BANK6            000600-0006FF              100
        BANK7            000700-0007FF              100
        BIGRAM           000042-00005F               1E
                         0000FD-0000FF                3
                         000158-0007FF              6A8
        CODE             000004-000007                4
                         000012-0007FF              7EE
                         0041A4-007FFF             3E5C
        COMRAM           000042-00005F               1E
        CONST            000004-000007                4
                         000012-0007FF              7EE
                         0041A4-007FFF             3E5C
        EEDATA           F00000-F000FF              100
        MEDIUMCONST      0041A4-007FFF             3E5C
        RAM              0000FD-0000FF                3
                         000158-0007FF              100
        SFR              000F60-000FFF               A0
        SMALLCONST       0041A4-007FFF              100
        STACK            000158-0007FF              6A8

                                  Symbol Table

?___awdiv                cstackCOMRAM 00001F
?___awmod                cstackCOMRAM 00001F
?___fladd                cstackCOMRAM 00001F
?___fldiv                cstackCOMRAM 00001F
?___flmul                cstackCOMRAM 00001F
?___flneg                cstackCOMRAM 00001F
?___flsub                cstackBANK0  00006D
?___fltol                cstackCOMRAM 00001F
?___fpclassifyf          cstackCOMRAM 00001F
?___wmul                 cstackCOMRAM 00001F
?_atoi                   cstackCOMRAM 000026
?_efgtoa                 cstackBANK0  000081
?_floorf                 cstackBANK0  00006D
?_isdigit                cstackCOMRAM 00001F
?_isspace                cstackCOMRAM 00001F
?_isupper                cstackCOMRAM 00001F
?_pad                    cstackBANK0  000064
?_sprintf                cstackBANK0  0000E5
?_strlen                 cstackCOMRAM 00001F
?_strncmp                cstackCOMRAM 00001F
?_tolower                cstackCOMRAM 000025
?_vfpfcnvrt              cstackBANK0  0000C5
?_vfprintf               cstackBANK0  0000DD
?i2___fladd              cstackCOMRAM 000001
?i2___flsub              cstackCOMRAM 000011
?i2_strlen               cstackCOMRAM 000001
_ADCON1                  (abs)        000FC1
_INTCON2bits             (abs)        000FF1
_INTCON3bits             (abs)        000FF0
_INTCONbits              (abs)        000FF2
_PORTAbits               (abs)        000F80
_PORTD                   (abs)        000F83
_PORTEbits               (abs)        000F84
_T0CON                   (abs)        000FD5
_TMR0L                   (abs)        000FD6
_TRISD                   (abs)        000F95
_TRISE                   (abs)        000F96
__HRAM                   (abs)        000000
__Habs1                  abs1         000000
__Hbank0                 bank0        000000
__Hbank1                 bank1        000000
__Hbank2                 bank2        000000
__Hbank3                 bank3        000000
__Hbank4                 bank4        000000
__Hbank5                 bank5        000000
__Hbank6                 bank6        000000
__Hbank7                 bank7        000000
__Hbigbss                bigbss       000000
__Hbigdata               bigdata      000000
__Hbigram                bigram       000000
__Hbss                   bss          000000
__HbssBANK0              bssBANK0     000000
__HbssBANK1              bssBANK1     000000
__HbssCOMRAM             bssCOMRAM    000000
__Hcinit                 cinit        000000
__Hclrtext               clrtext      000000
__Hcomram                comram       000000
__Hconfig                config       30000E
__Hconst                 const        000000
__HcstackBANK0           cstackBANK0  000000
__HcstackBANK1           cstackBANK1  000000
__HcstackCOMRAM          cstackCOMRAM 000000
__Hdata                  data         000000
__HdataCOMRAM            dataCOMRAM   000000
__Heeprom_data           eeprom_data  000000
__Hfarbss                farbss       000000
__Hfardata               fardata      000000
__Hibigdata              ibigdata     000000
__Hidata                 idata        000000
__HidataCOMRAM           idataCOMRAM  000000
__Hidloc                 idloc        200008
__Hifardata              ifardata     000000
__Hinit                  init         000012
__Hintcode               intcode      00000E
__Hintcode_body          intcode_body 000000
__Hintcodelo             intcodelo    00000E
__Hintentry              intentry     000000
__Hintret                intret       000000
__Hintsave_regs          intsave_regs 000000
__Hirdata                irdata       000000
__Hmediumconst           mediumconst  000000
__HnvFARRAM              nvFARRAM     000000
__Hnvbit                 nvbit        000000
__Hnvrram                nvrram       000000
__Hparam                 rparam       000000
__Hpowerup               powerup      00000E
__Hram                   ram          000000
__Hramtop                ramtop       000800
__Hrbit                  rbit         000000
__Hrbss                  rbss         000000
__Hrdata                 rdata        000000
__Hreset_vec             reset_vec    000004
__Hrparam                rparam       000000
__Hsfr                   sfr          000000
__Hsmallconst            smallconst   00083E
__Hspace_0               (abs)        0041A4
__Hspace_1               (abs)        000158
__Hspace_2               (abs)        000000
__Hspace_4               (abs)        60000E
__Hstack                 stack        000000
__Hstruct                struct       000000
__Htemp                  temp         000042
__Htext                  text         000000
__Htext0                 text0        000000
__Htext1                 text1        000000
__Htext10                text10       000000
__Htext11                text11       000000
__Htext12                text12       000000
__Htext13                text13       000000
__Htext14                text14       000000
__Htext15                text15       000000
__Htext16                text16       000000
__Htext17                text17       000000
__Htext18                text18       000000
__Htext19                text19       000000
__Htext2                 text2        000000
__Htext20                text20       000000
__Htext21                text21       000000
__Htext22                text22       000000
__Htext23                text23       000000
__Htext24                text24       000000
__Htext25                text25       000000
__Htext26                text26       000000
__Htext27                text27       000000
__Htext28                text28       000000
__Htext29                text29       000000
__Htext3                 text3        000000
__Htext30                text30       000000
__Htext31                text31       000000
__Htext32                text32       000000
__Htext33                text33       000000
__Htext35                text35       000000
__Htext36                text36       000000
__Htext37                text37       000000
__Htext38                text38       000000
__Htext39                text39       000000
__Htext4                 text4        000000
__Htext40                text40       000000
__Htext41                text41       000000
__Htext42                text42       000000
__Htext43                text43       000000
__Htext44                text44       000000
__Htext5                 text5        000000
__Htext6                 text6        000000
__Htext7                 text7        000000
__Htext8                 text8        000000
__Htext9                 text9        000000
__LRAM                   (abs)        000001
__Labs1                  abs1         000000
__Lbank0                 bank0        000000
__Lbank1                 bank1        000000
__Lbank2                 bank2        000000
__Lbank3                 bank3        000000
__Lbank4                 bank4        000000
__Lbank5                 bank5        000000
__Lbank6                 bank6        000000
__Lbank7                 bank7        000000
__Lbigbss                bigbss       000000
__Lbigdata               bigdata      000000
__Lbigram                bigram       000000
__Lbss                   bss          000000
__LbssBANK0              bssBANK0     000000
__LbssBANK1              bssBANK1     000000
__LbssCOMRAM             bssCOMRAM    000000
__Lcinit                 cinit        000000
__Lclrtext               clrtext      000000
__Lcomram                comram       000000
__Lconfig                config       000000
__Lconst                 const        000000
__LcstackBANK0           cstackBANK0  000000
__LcstackBANK1           cstackBANK1  000000
__LcstackCOMRAM          cstackCOMRAM 000000
__Ldata                  data         000000
__LdataCOMRAM            dataCOMRAM   000000
__Leeprom_data           eeprom_data  000000
__Lfarbss                farbss       000000
__Lfardata               fardata      000000
__Libigdata              ibigdata     000000
__Lidata                 idata        000000
__LidataCOMRAM           idataCOMRAM  000000
__Lidloc                 idloc        000000
__Lifardata              ifardata     000000
__Linit                  init         00000E
__Lintcode               intcode      000008
__Lintcode_body          intcode_body 000000
__Lintcodelo             intcodelo    00000E
__Lintentry              intentry     000000
__Lintret                intret       000000
__Lintsave_regs          intsave_regs 000000
__Lirdata                irdata       000000
__Lmediumconst           mediumconst  000000
__LnvFARRAM              nvFARRAM     000000
__Lnvbit                 nvbit        000000
__Lnvrram                nvrram       000000
__Lparam                 rparam       000000
__Lpowerup               powerup      00000E
__Lram                   ram          000000
__Lramtop                ramtop       000800
__Lrbit                  rbit         000000
__Lrbss                  rbss         000000
__Lrdata                 rdata        000000
__Lreset_vec             reset_vec    000000
__Lrparam                rparam       000000
__Lsfr                   sfr          000000
__Lsmallconst            smallconst   000800
__Lspace_0               (abs)        000000
__Lspace_1               (abs)        000000
__Lspace_2               (abs)        000000
__Lspace_4               (abs)        000000
__Lstack                 stack        000000
__Lstruct                struct       000000
__Ltemp                  temp         000041
__Ltext                  text         000000
__Ltext0                 text0        000000
__Ltext1                 text1        000000
__Ltext10                text10       000000
__Ltext11                text11       000000
__Ltext12                text12       000000
__Ltext13                text13       000000
__Ltext14                text14       000000
__Ltext15                text15       000000
__Ltext16                text16       000000
__Ltext17                text17       000000
__Ltext18                text18       000000
__Ltext19                text19       000000
__Ltext2                 text2        000000
__Ltext20                text20       000000
__Ltext21                text21       000000
__Ltext22                text22       000000
__Ltext23                text23       000000
__Ltext24                text24       000000
__Ltext25                text25       000000
__Ltext26                text26       000000
__Ltext27                text27       000000
__Ltext28                text28       000000
__Ltext29                text29       000000
__Ltext3                 text3        000000
__Ltext30                text30       000000
__Ltext31                text31       000000
__Ltext32                text32       000000
__Ltext33                text33       000000
__Ltext35                text35       000000
__Ltext36                text36       000000
__Ltext37                text37       000000
__Ltext38                text38       000000
__Ltext39                text39       000000
__Ltext4                 text4        000000
__Ltext40                text40       000000
__Ltext41                text41       000000
__Ltext42                text42       000000
__Ltext43                text43       000000
__Ltext44                text44       000000
__Ltext5                 text5        000000
__Ltext6                 text6        000000
__Ltext7                 text7        000000
__Ltext8                 text8        000000
__Ltext9                 text9        000000
__S0                     (abs)        0041A4
__S1                     (abs)        000158
__S2                     (abs)        000000
__S4                     (abs)        000000
__S5                     (abs)        000000
___awdiv                 text24       0038EC
___awdiv@counter         cstackCOMRAM 000023
___awdiv@dividend        cstackCOMRAM 00001F
___awdiv@divisor         cstackCOMRAM 000021
___awdiv@quotient        cstackCOMRAM 000025
___awdiv@sign            cstackCOMRAM 000024
___awmod                 text23       003A62
___awmod@counter         cstackCOMRAM 000023
___awmod@dividend        cstackCOMRAM 00001F
___awmod@divisor         cstackCOMRAM 000021
___awmod@sign            cstackCOMRAM 000024
___fladd                 text17       001A08
___fladd@a               cstackCOMRAM 000023
___fladd@aexp            cstackBANK0  000061
___fladd@b               cstackCOMRAM 00001F
___fladd@bexp            cstackBANK0  000062
___fladd@grs             cstackBANK0  000063
___fladd@signs           cstackBANK0  000060
___fldiv                 text22       0027B6
___fldiv@a               cstackCOMRAM 000023
___fldiv@aexp            cstackBANK0  00006C
___fldiv@b               cstackCOMRAM 00001F
___fldiv@bexp            cstackBANK0  00006B
___fldiv@grs             cstackBANK0  000067
___fldiv@new_exp         cstackBANK0  000065
___fldiv@rem             cstackBANK0  000060
___fldiv@sign            cstackBANK0  000064
___fleq                  text21       003B12
___fleq@ff1              cstackCOMRAM 00001F
___fleq@ff2              cstackCOMRAM 000023
___flge                  text20       0031AE
___flge@ff1              cstackBANK0  00006D
___flge@ff2              cstackBANK0  000071
___flmul                 text19       00238A
___flmul@a               cstackCOMRAM 000023
___flmul@aexp            cstackBANK0  000061
___flmul@b               cstackCOMRAM 00001F
___flmul@bexp            cstackBANK0  000066
___flmul@grs             cstackBANK0  000062
___flmul@prod            cstackBANK0  000067
___flmul@sign            cstackBANK0  000060
___flmul@temp            cstackBANK0  00006B
___flneg                 text18       004080
___flneg@f1              cstackCOMRAM 00001F
___flsub                 text16       003F74
___flsub@a               cstackBANK0  000071
___flsub@b               cstackBANK0  00006D
___fltol                 text15       0030A8
___fltol@exp1            cstackCOMRAM 000028
___fltol@f1              cstackCOMRAM 00001F
___fltol@sign1           cstackCOMRAM 000027
___fpclassifyf           text14       0033B8
___fpclassifyf@F465      bssCOMRAM    00002F
___fpclassifyf@e         cstackBANK0  000060
___fpclassifyf@u         cstackBANK0  000062
___fpclassifyf@x         cstackCOMRAM 00001F
___inthi_sp              stack        000000
___intlo_sp              stack        000000
___param_bank            (abs)        000000
___rparam_used           (abs)        000001
___sp                    stack        000000
___wmul                  text28       0040F0
___wmul@multiplicand     cstackCOMRAM 000021
___wmul@multiplier       cstackCOMRAM 00001F
___wmul@product          cstackCOMRAM 000023
__accesstop              (abs)        000060
__activetblptr           (abs)        000002
__end_of___awdiv         text24       0039B0
__end_of___awmod         text23       003B12
__end_of___fladd         text17       001ECA
__end_of___fldiv         text22       002B52
__end_of___fleq          text21       003BBC
__end_of___flge          text20       0032B4
__end_of___flmul         text19       0027B6
__end_of___flneg         text18       0040B8
__end_of___flsub         text16       003FBC
__end_of___fltol         text15       0031AE
__end_of___fpclassifyf   text14       0034B8
__end_of___wmul          text28       004116
__end_of__initialization cinit        003E78
__end_of_alerta          text38       003A62
__end_of_atoi            text25       0030A8
__end_of_comando_lcd     text30       004130
__end_of_dado_lcd        text33       00414A
__end_of_efgtoa          text5        00149C
__end_of_floorf          text13       002D68
__end_of_fputc           text11       003824
__end_of_fputs           text10       004002
__end_of_imprime_lcd     text31       003C3E
__end_of_isdigit         text27       0040F0
__end_of_isr             intcode_body 002F14
__end_of_isspace         text26       003ED8
__end_of_isupper         text7        004080
__end_of_limpa_lcd       text29       00418C
__end_of_main            text0        0035B2
__end_of_pad             text9        0038EC
__end_of_putch           text12       0041A4
__end_of_sprintf         text1        003E34
__end_of_strcpy          text8        003DDA
__end_of_strlen          text32       003F26
__end_of_strncmp         text4        003688
__end_of_tolower         text6        003D7E
__end_of_verificaOValor  text36       00375A
__end_of_vfpfcnvrt       text3        001A08
__end_of_vfprintf        text2        003D1C
__end_ofi2___fladd       text37       00238A
__end_ofi2___flge        text44       0033B8
__end_ofi2___flsub       text35       004048
__end_ofi2_comando_lcd   text40       004164
__end_ofi2_dado_lcd      text43       00417E
__end_ofi2_imprime_lcd   text41       003CBA
__end_ofi2_limpa_lcd     text39       00419A
__end_ofi2_strlen        text42       003F74
__initialization         cinit        003E34
__mediumconst            mediumconst  000000
__pbssBANK0              bssBANK0     0000EF
__pbssBANK1              bssBANK1     000100
__pbssCOMRAM             bssCOMRAM    00002B
__pcinit                 cinit        003E34
__pcstackBANK0           cstackBANK0  000060
__pcstackBANK1           cstackBANK1  000150
__pcstackCOMRAM          cstackCOMRAM 000001
__pdataCOMRAM            dataCOMRAM   000039
__pidataCOMRAM           idataCOMRAM  00419A
__pintcode               intcode      000008
__pintcode_body          intcode_body 002D68
__psmallconst            smallconst   000800
__ptext0                 text0        0034B8
__ptext1                 text1        003DDA
__ptext10                text10       003FBC
__ptext11                text11       00375A
__ptext12                text12       0041A2
__ptext13                text13       002B52
__ptext14                text14       0033B8
__ptext15                text15       0030A8
__ptext16                text16       003F74
__ptext17                text17       001A08
__ptext18                text18       004080
__ptext19                text19       00238A
__ptext2                 text2        003CBA
__ptext20                text20       0031AE
__ptext21                text21       003B12
__ptext22                text22       0027B6
__ptext23                text23       003A62
__ptext24                text24       0038EC
__ptext25                text25       002F14
__ptext26                text26       003E86
__ptext27                text27       0040B8
__ptext28                text28       0040F0
__ptext29                text29       00417E
__ptext3                 text3        00149C
__ptext30                text30       004116
__ptext31                text31       003BBC
__ptext32                text32       003ED8
__ptext33                text33       004130
__ptext35                text35       004002
__ptext36                text36       003688
__ptext37                text37       001ECA
__ptext38                text38       0039B0
__ptext39                text39       00418C
__ptext4                 text4        0035B2
__ptext40                text40       00414A
__ptext41                text41       003C3E
__ptext42                text42       003F26
__ptext43                text43       004164
__ptext44                text44       0032B4
__ptext5                 text5        00083E
__ptext6                 text6        003D1C
__ptext7                 text7        004048
__ptext8                 text8        003D7E
__ptext9                 text9        003824
__ramtop                 ramtop       000800
__size_of___awdiv        (abs)        000000
__size_of___awmod        (abs)        000000
__size_of___fladd        (abs)        000000
__size_of___fldiv        (abs)        000000
__size_of___fleq         (abs)        000000
__size_of___flge         (abs)        000000
__size_of___flmul        (abs)        000000
__size_of___flneg        (abs)        000000
__size_of___flsub        (abs)        000000
__size_of___fltol        (abs)        000000
__size_of___fpclassifyf  (abs)        000000
__size_of___wmul         (abs)        000000
__size_of_alerta         (abs)        000000
__size_of_atoi           (abs)        000000
__size_of_comando_lcd    (abs)        000000
__size_of_dado_lcd       (abs)        000000
__size_of_efgtoa         (abs)        000000
__size_of_floorf         (abs)        000000
__size_of_fputc          (abs)        000000
__size_of_fputs          (abs)        000000
__size_of_imprime_lcd    (abs)        000000
__size_of_isdigit        (abs)        000000
__size_of_isr            (abs)        000000
__size_of_isspace        (abs)        000000
__size_of_isupper        (abs)        000000
__size_of_limpa_lcd      (abs)        000000
__size_of_main           (abs)        000000
__size_of_pad            (abs)        000000
__size_of_putch          (abs)        000000
__size_of_sprintf        (abs)        000000
__size_of_strcpy         (abs)        000000
__size_of_strlen         (abs)        000000
__size_of_strncmp        (abs)        000000
__size_of_tolower        (abs)        000000
__size_of_verificaOValor (abs)        000000
__size_of_vfpfcnvrt      (abs)        000000
__size_of_vfprintf       (abs)        000000
__size_ofi2___fladd      (abs)        000000
__size_ofi2___flge       (abs)        000000
__size_ofi2___flsub      (abs)        000000
__size_ofi2_comando_lcd  (abs)        000000
__size_ofi2_dado_lcd     (abs)        000000
__size_ofi2_imprime_lcd  (abs)        000000
__size_ofi2_limpa_lcd    (abs)        000000
__size_ofi2_strlen       (abs)        000000
__smallconst             smallconst   000800
_alerta                  text38       0039B0
_atoi                    text25       002F14
_atoi$1006               cstackBANK0  000066
_atoi$1007               cstackBANK0  00006A
_atoi$1008               cstackBANK0  000068
_comando_lcd             text30       004116
_dado_lcd                text33       004130
_dbuf                    bssBANK1     000100
_efgtoa                  text5        00083E
_efgtoa$941              cstackBANK0  00008D
_efgtoa$942              cstackBANK0  00008F
_efgtoa$947              cstackBANK0  000091
_efgtoa$951              cstackBANK0  000093
_efgtoa$952              cstackBANK0  000095
_efgtoa$953              cstackBANK0  000097
_flags                   bssCOMRAM    000037
_floorf                  text13       002B52
_fputc                   text11       00375A
_fputs                   text10       003FBC
_imprime_lcd             text31       003BBC
_isdigit                 text27       0040B8
_isr                     intcode      000008
_isspace                 text26       003E86
_isspace$1037            cstackCOMRAM 000025
_isupper                 text7        004048
_limpa_lcd               text29       00417E
_main                    text0        0034B8
_nout                    bssBANK0     0000EF
_pad                     text9        003824
_prec                    bssBANK0     0000F3
_putch                   text12       0041A2
_sprintf                 text1        003DDA
_strcpy                  text8        003D7E
_strlen                  text32       003ED8
_strncmp                 text4        0035B2
_temperatura             bssCOMRAM    000033
_temperaturaMaxima       dataCOMRAM   00003D
_temperaturaMinima       dataCOMRAM   000039
_temperature             bssBANK0     0000F5
_tolower                 text6        003D1C
_tolower$1101            cstackBANK0  000060
_verificaOValor          text36       003688
_vfpfcnvrt               text3        00149C
_vfpfcnvrt$967           cstackBANK0  0000CF
_vfpfcnvrt$968           cstackBANK0  0000D1
_vfpfcnvrt$972           cstackBANK0  0000D3
_vfprintf                text2        003CBA
_width                   bssBANK0     0000F1
atoi@n                   cstackBANK0  00006B
atoi@neg                 cstackBANK0  000064
atoi@s                   cstackCOMRAM 000026
btemp                    temp         000041
comando_lcd@comando      cstackCOMRAM 00001F
dado_lcd@dado            cstackCOMRAM 00001F
efgtoa@c                 cstackBANK0  000087
efgtoa@d                 cstackBANK0  0000A5
efgtoa@e                 cstackBANK0  0000BD
efgtoa@f                 cstackBANK0  000083
efgtoa@fp                cstackBANK0  000081
efgtoa@g                 cstackBANK0  0000B9
efgtoa@h                 cstackBANK0  0000AF
efgtoa@i                 cstackBANK0  0000B7
efgtoa@l                 cstackBANK0  0000B3
efgtoa@m                 cstackBANK0  00009F
efgtoa@mode              cstackBANK0  0000AE
efgtoa@n                 cstackBANK0  0000BF
efgtoa@ne                cstackBANK0  00009D
efgtoa@nmode             cstackBANK0  0000AD
efgtoa@ou                cstackBANK0  0000A1
efgtoa@p                 cstackBANK0  0000A9
efgtoa@pp                cstackBANK0  00009B
efgtoa@sign              cstackBANK0  0000A7
efgtoa@t                 cstackBANK0  000099
efgtoa@u                 cstackBANK0  0000C1
efgtoa@w                 cstackBANK0  0000AB
end_of_initialization    cinit        003E78
floorf@F527              bssCOMRAM    00002B
floorf@e                 cstackBANK0  00007B
floorf@m                 cstackBANK0  000077
floorf@u                 cstackBANK0  00007D
floorf@x                 cstackBANK0  00006D
fputc@c                  cstackCOMRAM 00001F
fputc@fp                 cstackCOMRAM 000021
fputs@c                  cstackCOMRAM 000028
fputs@fp                 cstackBANK0  000062
fputs@i                  cstackCOMRAM 000029
fputs@s                  cstackBANK0  000060
i2___fladd               text37       001ECA
i2___fladd@a             cstackCOMRAM 000005
i2___fladd@aexp          cstackCOMRAM 00000E
i2___fladd@b             cstackCOMRAM 000001
i2___fladd@bexp          cstackCOMRAM 00000F
i2___fladd@grs           cstackCOMRAM 000010
i2___fladd@signs         cstackCOMRAM 00000D
i2___flge                text44       0032B4
i2___flge@ff1            cstackCOMRAM 000001
i2___flge@ff2            cstackCOMRAM 000005
i2___flsub               text35       004002
i2___flsub@a             cstackCOMRAM 000015
i2___flsub@b             cstackCOMRAM 000011
i2_comando_lcd           text40       00414A
i2_dado_lcd              text43       004164
i2_imprime_lcd           text41       003C3E
i2_limpa_lcd             text39       00418C
i2_strlen                text42       003F26
i2comando_lcd@comando    cstackCOMRAM 000001
i2dado_lcd@dado          cstackCOMRAM 000001
i2imprime_lcd@frase      cstackCOMRAM 000005
i2imprime_lcd@indice     cstackCOMRAM 00000C
i2imprime_lcd@tamanho    cstackCOMRAM 00000A
i2strlen@a               cstackCOMRAM 000003
i2strlen@s               cstackCOMRAM 000001
imprime_lcd@frase        cstackCOMRAM 000023
imprime_lcd@indice       cstackBANK0  000062
imprime_lcd@tamanho      cstackBANK0  000060
int$flags                temp         000041
int_func                 intcode_body 002D68
intlevel0                text         000000
intlevel1                text         000000
intlevel2                text         000000
intlevel3                text         000000
isa$std                  (abs)        000001
isa$xinst                (abs)        000000
isdigit@c                cstackCOMRAM 00001F
isspace@c                cstackCOMRAM 00001F
isupper@c                cstackCOMRAM 00001F
pad@buf                  cstackBANK0  000066
pad@fp                   cstackBANK0  000064
pad@i                    cstackBANK0  00006B
pad@p                    cstackBANK0  000068
pad@w                    cstackBANK0  00006D
sprintf@ap               cstackBANK1  000150
sprintf@f                cstackBANK1  000152
sprintf@fmt              cstackBANK0  0000E7
sprintf@s                cstackBANK0  0000E5
stackhi                  (abs)        0007FF
stacklo                  (abs)        000158
start                    init         00000E
start_initialization     cinit        003E34
strcpy@d                 cstackCOMRAM 000027
strcpy@dest              cstackCOMRAM 00001F
strcpy@s                 cstackCOMRAM 000025
strcpy@src               cstackCOMRAM 000021
strlen@a                 cstackCOMRAM 000021
strlen@s                 cstackCOMRAM 00001F
strncmp@_l               cstackCOMRAM 00001F
strncmp@_r               cstackCOMRAM 000021
strncmp@l                cstackCOMRAM 000026
strncmp@n                cstackCOMRAM 000023
strncmp@r                cstackCOMRAM 000028
tolower@c                cstackCOMRAM 000025
ttemp5                   temp         000042
ttemp6                   temp         000045
ttemp7                   temp         000049
vfpfcnvrt@ap             cstackBANK0  0000C9
vfpfcnvrt@c              cstackBANK0  0000DC
vfpfcnvrt@ct             cstackBANK0  0000D9
vfpfcnvrt@f              cstackBANK0  0000D5
vfpfcnvrt@fmt            cstackBANK0  0000C7
vfpfcnvrt@fp             cstackBANK0  0000C5
vfprintf@ap              cstackBANK0  0000E1
vfprintf@cfmt            cstackBANK0  0000E3
vfprintf@fmt             cstackBANK0  0000DF
vfprintf@fp              cstackBANK0  0000DD
wtemp8                   temp         000042


MODULE INFORMATION

Module		Function		Class		Link	Load	Size
C:\Program Files\Microchip\xc8\v2.32\pic\sources\c99\common\nf_sprintf.c
		_sprintf       		CODE           	3DDA	0000	90

C:\Program Files\Microchip\xc8\v2.32\pic\sources\c99\common\nf_sprintf.c estimated size: 90

C:\Program Files\Microchip\xc8\v2.32\pic\sources\c99\common\awdiv.c
		___awdiv       		CODE           	38EC	0000	196

C:\Program Files\Microchip\xc8\v2.32\pic\sources\c99\common\awdiv.c estimated size: 196

C:\Program Files\Microchip\xc8\v2.32\pic\sources\c99\common\isdigit.c
		_isdigit       		CODE           	40B8	0000	56

C:\Program Files\Microchip\xc8\v2.32\pic\sources\c99\common\isdigit.c estimated size: 56

C:\Program Files\Microchip\xc8\v2.32\pic\sources\c99\common\sprcadd.c
		___flsub       		CODE           	3F74	0000	72
		___fladd       		CODE           	1A08	0000	1218

C:\Program Files\Microchip\xc8\v2.32\pic\sources\c99\common\sprcadd.c estimated size: 1290

C:\Program Files\Microchip\xc8\v2.32\pic\sources\c99\common\doprnt.c
		_vfpfcnvrt     		CODE           	149C	0000	1388
		_efgtoa        		CODE           	083E	0000	3166
		_pad           		CODE           	3824	0000	200
		_vfprintf      		CODE           	3CBA	0000	98

C:\Program Files\Microchip\xc8\v2.32\pic\sources\c99\common\doprnt.c estimated size: 4852

C:\Program Files\Microchip\xc8\v2.32\pic\sources\c99\common\flneg.c
		___flneg       		CODE           	4080	0000	56

C:\Program Files\Microchip\xc8\v2.32\pic\sources\c99\common\flneg.c estimated size: 56

./lcd.intermed.h
		_imprime_lcd   		CODE           	3BBC	0000	130
		_comando_lcd   		CODE           	4116	0000	26
		_limpa_lcd     		CODE           	417E	0000	14
		_dado_lcd      		CODE           	4130	0000	26

./lcd.intermed.h estimated size: 196

C:\Program Files\Microchip\xc8\v2.32\pic\sources\c99\common\atoi.c
		_atoi          		CODE           	2F14	0000	404

C:\Program Files\Microchip\xc8\v2.32\pic\sources\c99\common\atoi.c estimated size: 404

C:\Program Files\Microchip\xc8\v2.32\pic\sources\c99\common\nf_fputs.c
		_fputs         		CODE           	3FBC	0000	70

C:\Program Files\Microchip\xc8\v2.32\pic\sources\c99\common\nf_fputs.c estimated size: 70

C:\Program Files\Microchip\xc8\v2.32\pic\sources\c99\common\fleq.c
		___fleq        		CODE           	3B12	0000	170

C:\Program Files\Microchip\xc8\v2.32\pic\sources\c99\common\fleq.c estimated size: 170

lcd.frase.c
		_main          		CODE           	34B8	0000	250
		_verificaOValor		CODE           	3688	0000	210
		_isr           		CODE           	0008	0000	434
		_alerta        		CODE           	39B0	0000	178

lcd.frase.c estimated size: 1072

C:\Program Files\Microchip\xc8\v2.32\pic\sources\c99\common\putch.c
		_putch         		CODE           	41A2	0000	2

C:\Program Files\Microchip\xc8\v2.32\pic\sources\c99\common\putch.c estimated size: 2

C:\Program Files\Microchip\xc8\v2.32\pic\sources\c99\common\__fpclassifyf.c
		___fpclassifyf 		CODE           	33B8	0000	256

C:\Program Files\Microchip\xc8\v2.32\pic\sources\c99\common\__fpclassifyf.c estimated size: 256

C:\Program Files\Microchip\xc8\v2.32\pic\sources\c99\common\isupper.c
		_isupper       		CODE           	4048	0000	56

C:\Program Files\Microchip\xc8\v2.32\pic\sources\c99\common\isupper.c estimated size: 56

C:\Program Files\Microchip\xc8\v2.32\pic\sources\c99\common\Umul16.c
		___wmul        		CODE           	40F0	0000	38

C:\Program Files\Microchip\xc8\v2.32\pic\sources\c99\common\Umul16.c estimated size: 38

C:\Program Files\Microchip\xc8\v2.32\pic\sources\c99\common\isspace.c
		_isspace       		CODE           	3E86	0000	82

C:\Program Files\Microchip\xc8\v2.32\pic\sources\c99\common\isspace.c estimated size: 82

C:\Program Files\Microchip\xc8\v2.32\pic\sources\c99\common\strncmp.c
		_strncmp       		CODE           	35B2	0000	214

C:\Program Files\Microchip\xc8\v2.32\pic\sources\c99\common\strncmp.c estimated size: 214

C:\Program Files\Microchip\xc8\v2.32\pic\sources\c99\common\tolower.c
		_tolower       		CODE           	3D1C	0000	98

C:\Program Files\Microchip\xc8\v2.32\pic\sources\c99\common\tolower.c estimated size: 98

shared
		i2_dado_lcd    		CODE           	4164	0000	26
		i2___fladd     		CODE           	1ECA	0000	1216
		i2_limpa_lcd   		CODE           	418C	0000	14
		i2_comando_lcd 		CODE           	414A	0000	26
		i2_imprime_lcd 		CODE           	3C3E	0000	124
		__initialization		CODE           	3E34	0000	68
		i2___flge      		CODE           	32B4	0000	260
		i2___flsub     		CODE           	4002	0000	70
		i2_strlen      		CODE           	3F26	0000	78

shared estimated size: 1882

C:\Program Files\Microchip\xc8\v2.32\pic\sources\c99\common\sprcmul.c
		___flmul       		CODE           	238A	0000	1068

C:\Program Files\Microchip\xc8\v2.32\pic\sources\c99\common\sprcmul.c estimated size: 1068

C:\Program Files\Microchip\xc8\v2.32\pic\sources\c99\common\awmod.c
		___awmod       		CODE           	3A62	0000	176

C:\Program Files\Microchip\xc8\v2.32\pic\sources\c99\common\awmod.c estimated size: 176

C:\Program Files\Microchip\xc8\v2.32\pic\sources\c99\common\sprcdiv.c
		___fldiv       		CODE           	27B6	0000	924

C:\Program Files\Microchip\xc8\v2.32\pic\sources\c99\common\sprcdiv.c estimated size: 924

C:\Program Files\Microchip\xc8\v2.32\pic\sources\c99\common\fltol.c
		___fltol       		CODE           	30A8	0000	262

C:\Program Files\Microchip\xc8\v2.32\pic\sources\c99\common\fltol.c estimated size: 262

C:\Program Files\Microchip\xc8\v2.32\pic\sources\c99\common\nf_fputc.c
		_fputc         		CODE           	375A	0000	202

C:\Program Files\Microchip\xc8\v2.32\pic\sources\c99\common\nf_fputc.c estimated size: 202

C:\Program Files\Microchip\xc8\v2.32\pic\sources\c99\common\strlen.c
		_strlen        		CODE           	3ED8	0000	78

C:\Program Files\Microchip\xc8\v2.32\pic\sources\c99\common\strlen.c estimated size: 78

C:\Program Files\Microchip\xc8\v2.32\pic\sources\c99\common\flge.c
		___flge        		CODE           	31AE	0000	262

C:\Program Files\Microchip\xc8\v2.32\pic\sources\c99\common\flge.c estimated size: 262

C:\Program Files\Microchip\xc8\v2.32\pic\sources\c99\common\floorf.c
		_floorf        		CODE           	2B52	0000	534

C:\Program Files\Microchip\xc8\v2.32\pic\sources\c99\common\floorf.c estimated size: 534

C:\Program Files\Microchip\xc8\v2.32\pic\sources\c99\common\strcpy.c
		_strcpy        		CODE           	3D7E	0000	92

C:\Program Files\Microchip\xc8\v2.32\pic\sources\c99\common\strcpy.c estimated size: 92

