Microchip MPLAB XC8 Compiler V2.32

Linker command line:

-W-3 --edf=C:\Program Files\Microchip\xc8\v2.32\pic\dat\en_msgs.txt -cn \
  -h+dist/default/production\Controle-de-temperatura.production.sym \
  --cmf=dist/default/production\Controle-de-temperatura.production.cmf -z \
  -Q18F4550 -oC:\Users\VICTOR~1\AppData\Local\Temp\xcAs9kk.4 \
  --defsym=__MPLAB_BUILD=1 \
  -Mdist/default/production/Controle-de-temperatura.production.map -E1 \
  -ver=XC8 Compiler --acfsm=1493 -ASTACK=0150h-07FFh -pstack=STACK \
  -ACODE=00h-07FFFh -ACONST=00h-07FFFh -ASMALLCONST=0800h-08FFhx120 \
  -AMEDIUMCONST=0800h-07FFFh -ACOMRAM=01h-05Fh -AABS1=00h-07FFh \
  -ABIGRAM=01h-07FFh -ARAM=060h-0FFh,0100h-01FFhx7 -ABANK0=060h-0FFh \
  -ABANK1=0100h-01FFh -ABANK2=0200h-02FFh -ABANK3=0300h-03FFh \
  -ABANK4=0400h-04FFh -ABANK5=0500h-05FFh -ABANK6=0600h-06FFh \
  -ABANK7=0700h-07FFh -ASFR=0F60h-0FFFh -ACONFIG=0300000h-030000Dh \
  -AIDLOC=0200000h-0200007h -AEEDATA=0F00000h-0F000FFh -peeprom_data=EEDATA \
  -preset_vec=00h,intcode=08h,intcodelo,powerup,init -pramtop=0800h \
  -psmallconst=SMALLCONST -pmediumconst=MEDIUMCONST -pconst=CONST \
  -AFARRAM=00h-00h \
  -prdata=COMRAM,nvrram=COMRAM,nvbit=COMRAM,rbss=COMRAM,rbit=COMRAM \
  -pfarbss=FARRAM,fardata=FARRAM,nvFARRAM=FARRAM \
  -pintsave_regs=BIGRAM,bigbss=BIGRAM,bigdata=BIGRAM -pbss=RAM \
  -pidata=CODE,irdata=CODE,ibigdata=CODE,ifardata=CODE -prparam=COMRAM \
  C:\Users\VICTOR~1\AppData\Local\Temp\xcAs9kk.o \
  dist/default/production\Controle-de-temperatura.production.o 

Object code version is 3.11

Machine type is 18F4550



                Name                               Link     Load   Length Selector   Space Scale
C:\Users\VICTOR~1\AppData\Local\Temp\xcAs9kk.o
                idloc                            200000   200000        8        0       5
                config                           300000   300000        E        0       4
                init                                  E        E        4        4       0
                reset_vec                             0        0        4        0       0
dist/default/production\Controle-de-temperatura.production.o
                intcode                               8        8        6        4       0
                idloc                            200000   200000        8        0       5
                config                           300000   300000        E        0       4
                temp                                 49       49        1        1       1
                smallconst                          800      800       3E      400       0
                text43                             2D56     2D56      104      41F       0
                text42                             3BA2     3BA2       1A      41F       0
                text41                             39AE     39AE       4E      41F       0
                text40                             3660     3660       7C      41F       0
                text39                             3B88     3B88       1A      41F       0
                text38                             3BCA     3BCA        E      41F       0
                text37                             335C     335C       B2      41F       0
                text36                             2F58     2F58       DE      41F       0
                text35                             36DC     36DC       70      41F       0
                intcode_body                       35E4     35E4       7C      41F       0
                text33                             3B6E     3B6E       1A      41F       0
                text32                             3960     3960       4E      41F       0
                text31                             3568     3568       7C      41F       0
                text30                             3B54     3B54       1A      41F       0
                text29                             3BBC     3BBC        E      41F       0
                text28                             3B2E     3B2E       26      41F       0
                text27                             3AF6     3AF6       38      41F       0
                text26                             390E     390E       52      41F       0
                text25                             289C     289C      190      41F       0
                text24                             31D6     31D6       C4      41F       0
                text23                             340E     340E       B0      41F       0
                text22                             22EC     22EC      39A      41F       0
                text21                             34BE     34BE       AA      41F       0
                text20                             2C50     2C50      106      41F       0
                text19                             1EC2     1EC2      42A      41F       0
                text18                             3ABE     3ABE       38      41F       0
                text17                             1A02     1A02      4C0      41F       0
                text16                             39FC     39FC       46      41F       0
                text15                             2B4A     2B4A      106      41F       0
                text14                             2E5A     2E5A       FE      41F       0
                text13                             2686     2686      216      41F       0
                text12                             3BE4     3BE4        2      41F       0
                text11                             310C     310C       CA      41F       0
                text10                             3A42     3A42       44      41F       0
                text9                              329A     329A       C2      41F       0
                text8                              380E     380E       5C      41F       0
                text7                              3A86     3A86       38      41F       0
                text6                              37AE     37AE       60      41F       0
                text5                               83E      83E      C5A      41F       0
                text4                              3036     3036       D6      41F       0
                text3                              1498     1498      56A      41F       0
                text2                              374C     374C       62      41F       0
                text1                              38BC     38BC       52      41F       0
                text0                              2A2C     2A2C      11E      41F       0
                cstackCOMRAM                          1        1       36        1       1
                cstackBANK0                          60       60       86       60       1
                bssBANK1                            100      100       50      100       1
                bssBANK0                             E6       E6       14       60       1
                dataCOMRAM                           37       37        C        1       1
                bssCOMRAM                            43       43        6        1       1
                cinit                              386A     386A       52      41F       0
                idataCOMRAM                        3BD8     3BD8        C      41F       0

TOTAL           Name                               Link     Load   Length     Space
        CLASS   STACK          

        CLASS   CODE           
                intcode                               8        8        6         0
                init                                  E        E        4         0
                reset_vec                             0        0        4         0
                text43                             2D56     2D56      104         0
                text42                             3BA2     3BA2       1A         0
                text41                             39AE     39AE       4E         0
                text40                             3660     3660       7C         0
                text39                             3B88     3B88       1A         0
                text38                             3BCA     3BCA        E         0
                text37                             335C     335C       B2         0
                text36                             2F58     2F58       DE         0
                text35                             36DC     36DC       70         0
                intcode_body                       35E4     35E4       7C         0
                text33                             3B6E     3B6E       1A         0
                text32                             3960     3960       4E         0
                text31                             3568     3568       7C         0
                text30                             3B54     3B54       1A         0
                text29                             3BBC     3BBC        E         0
                text28                             3B2E     3B2E       26         0
                text27                             3AF6     3AF6       38         0
                text26                             390E     390E       52         0
                text25                             289C     289C      190         0
                text24                             31D6     31D6       C4         0
                text23                             340E     340E       B0         0
                text22                             22EC     22EC      39A         0
                text21                             34BE     34BE       AA         0
                text20                             2C50     2C50      106         0
                text19                             1EC2     1EC2      42A         0
                text18                             3ABE     3ABE       38         0
                text17                             1A02     1A02      4C0         0
                text16                             39FC     39FC       46         0
                text15                             2B4A     2B4A      106         0
                text14                             2E5A     2E5A       FE         0
                text13                             2686     2686      216         0
                text12                             3BE4     3BE4        2         0
                text11                             310C     310C       CA         0
                text10                             3A42     3A42       44         0
                text9                              329A     329A       C2         0
                text8                              380E     380E       5C         0
                text7                              3A86     3A86       38         0
                text6                              37AE     37AE       60         0
                text5                               83E      83E      C5A         0
                text4                              3036     3036       D6         0
                text3                              1498     1498      56A         0
                text2                              374C     374C       62         0
                text1                              38BC     38BC       52         0
                text0                              2A2C     2A2C      11E         0
                cinit                              386A     386A       52         0
                idataCOMRAM                        3BD8     3BD8        C         0

        CLASS   CONST          

        CLASS   SMALLCONST     
                smallconst                          800      800       3E         0

        CLASS   MEDIUMCONST    

        CLASS   COMRAM         
                temp                                 49       49        1         1
                cstackCOMRAM                          1        1       36         1
                dataCOMRAM                           37       37        C         1
                bssCOMRAM                            43       43        6         1

        CLASS   ABS1           

        CLASS   BIGRAM         

        CLASS   RAM            

        CLASS   BANK0          
                cstackBANK0                          60       60       86         1
                bssBANK0                             E6       E6       14         1

        CLASS   BANK1          
                bssBANK1                            100      100       50         1

        CLASS   BANK2          

        CLASS   BANK3          

        CLASS   BANK4          

        CLASS   BANK5          

        CLASS   BANK6          

        CLASS   BANK7          

        CLASS   SFR            

        CLASS   CONFIG         
                config                           300000   300000        E         4

        CLASS   IDLOC          
                idloc                            200000   200000        8         5

        CLASS   EEDATA         

        CLASS   FARRAM         



SEGMENTS        Name                           Load    Length   Top    Selector   Space  Class

                reset_vec                      000000  000004  000004         0       0  CODE    
                cstackCOMRAM                   000001  000049  00004A         1       1  COMRAM  
                intcode                        000008  00000A  000012         4       0  CODE    
                cstackBANK0                    000060  00009A  0000FA        60       1  BANK0   
                bssBANK1                       000100  000050  000150       100       1  BANK1   
                smallconst                     000800  00003E  00083E       400       0  SMALLCON
                text5                          00083E  0033A8  003BE6       41F       0  CODE    


UNUSED ADDRESS RANGES

        Name                Unused          Largest block    Delta
        BANK0            0000FA-0000FF                6
        BANK1            000150-0001FF               B0
        BANK2            000200-0002FF              100
        BANK3            000300-0003FF              100
        BANK4            000400-0004FF              100
        BANK5            000500-0005FF              100
        BANK6            000600-0006FF              100
        BANK7            000700-0007FF              100
        BIGRAM           00004A-00005F               16
                         0000FA-0000FF                6
                         000150-0007FF              6B0
        CODE             000004-000007                4
                         000012-0007FF              7EE
                         003BE6-007FFF             441A
        COMRAM           00004A-00005F               16
        CONST            000004-000007                4
                         000012-0007FF              7EE
                         003BE6-007FFF             441A
        EEDATA           F00000-F000FF              100
        MEDIUMCONST      003BE6-007FFF             441A
        RAM              0000FA-0000FF                6
                         000150-0007FF              100
        SFR              000F60-000FFF               A0
        SMALLCONST       003BE6-007FFF              100
        STACK            000150-0007FF              6B0

                                  Symbol Table

?___awdiv                cstackCOMRAM 000016
?___awmod                cstackCOMRAM 000016
?___fladd                cstackCOMRAM 000016
?___fldiv                cstackCOMRAM 000016
?___flmul                cstackCOMRAM 000016
?___flneg                cstackCOMRAM 000016
?___flsub                cstackCOMRAM 00002F
?___fltol                cstackCOMRAM 000016
?___fpclassifyf          cstackCOMRAM 000016
?___wmul                 cstackCOMRAM 000016
?_atoi                   cstackCOMRAM 00001D
?_efgtoa                 cstackBANK0  000070
?_floorf                 cstackCOMRAM 00002F
?_isdigit                cstackCOMRAM 000016
?_isspace                cstackCOMRAM 000016
?_isupper                cstackCOMRAM 000016
?_pad                    cstackCOMRAM 000026
?_sprintf                cstackBANK0  0000D4
?_strlen                 cstackCOMRAM 000016
?_strncmp                cstackCOMRAM 000016
?_tolower                cstackCOMRAM 00001C
?_vfpfcnvrt              cstackBANK0  0000B4
?_vfprintf               cstackBANK0  0000CC
?i2_strlen               cstackCOMRAM 000001
_ADCON1                  (abs)        000FC1
_INTCON2bits             (abs)        000FF1
_INTCON3bits             (abs)        000FF0
_INTCONbits              (abs)        000FF2
_PORTAbits               (abs)        000F80
_PORTD                   (abs)        000F83
_PORTEbits               (abs)        000F84
_T0CON                   (abs)        000FD5
_TMR0L                   (abs)        000FD6
_TRISD                   (abs)        000F95
_TRISE                   (abs)        000F96
__HRAM                   (abs)        000000
__Habs1                  abs1         000000
__Hbank0                 bank0        000000
__Hbank1                 bank1        000000
__Hbank2                 bank2        000000
__Hbank3                 bank3        000000
__Hbank4                 bank4        000000
__Hbank5                 bank5        000000
__Hbank6                 bank6        000000
__Hbank7                 bank7        000000
__Hbigbss                bigbss       000000
__Hbigdata               bigdata      000000
__Hbigram                bigram       000000
__Hbss                   bss          000000
__HbssBANK0              bssBANK0     000000
__HbssBANK1              bssBANK1     000000
__HbssCOMRAM             bssCOMRAM    000000
__Hcinit                 cinit        000000
__Hclrtext               clrtext      000000
__Hcomram                comram       000000
__Hconfig                config       30000E
__Hconst                 const        000000
__HcstackBANK0           cstackBANK0  000000
__HcstackCOMRAM          cstackCOMRAM 000000
__Hdata                  data         000000
__HdataCOMRAM            dataCOMRAM   000000
__Heeprom_data           eeprom_data  000000
__Hfarbss                farbss       000000
__Hfardata               fardata      000000
__Hibigdata              ibigdata     000000
__Hidata                 idata        000000
__HidataCOMRAM           idataCOMRAM  000000
__Hidloc                 idloc        200008
__Hifardata              ifardata     000000
__Hinit                  init         000012
__Hintcode               intcode      00000E
__Hintcode_body          intcode_body 000000
__Hintcodelo             intcodelo    00000E
__Hintentry              intentry     000000
__Hintret                intret       000000
__Hintsave_regs          intsave_regs 000000
__Hirdata                irdata       000000
__Hmediumconst           mediumconst  000000
__HnvFARRAM              nvFARRAM     000000
__Hnvbit                 nvbit        000000
__Hnvrram                nvrram       000000
__Hparam                 rparam       000000
__Hpowerup               powerup      00000E
__Hram                   ram          000000
__Hramtop                ramtop       000800
__Hrbit                  rbit         000000
__Hrbss                  rbss         000000
__Hrdata                 rdata        000000
__Hreset_vec             reset_vec    000004
__Hrparam                rparam       000000
__Hsfr                   sfr          000000
__Hsmallconst            smallconst   00083E
__Hspace_0               (abs)        003BE6
__Hspace_1               (abs)        000150
__Hspace_2               (abs)        000000
__Hspace_4               (abs)        60000E
__Hstack                 stack        000000
__Hstruct                struct       000000
__Htemp                  temp         00004A
__Htext                  text         000000
__Htext0                 text0        000000
__Htext1                 text1        000000
__Htext10                text10       000000
__Htext11                text11       000000
__Htext12                text12       000000
__Htext13                text13       000000
__Htext14                text14       000000
__Htext15                text15       000000
__Htext16                text16       000000
__Htext17                text17       000000
__Htext18                text18       000000
__Htext19                text19       000000
__Htext2                 text2        000000
__Htext20                text20       000000
__Htext21                text21       000000
__Htext22                text22       000000
__Htext23                text23       000000
__Htext24                text24       000000
__Htext25                text25       000000
__Htext26                text26       000000
__Htext27                text27       000000
__Htext28                text28       000000
__Htext29                text29       000000
__Htext3                 text3        000000
__Htext30                text30       000000
__Htext31                text31       000000
__Htext32                text32       000000
__Htext33                text33       000000
__Htext35                text35       000000
__Htext36                text36       000000
__Htext37                text37       000000
__Htext38                text38       000000
__Htext39                text39       000000
__Htext4                 text4        000000
__Htext40                text40       000000
__Htext41                text41       000000
__Htext42                text42       000000
__Htext43                text43       000000
__Htext5                 text5        000000
__Htext6                 text6        000000
__Htext7                 text7        000000
__Htext8                 text8        000000
__Htext9                 text9        000000
__LRAM                   (abs)        000001
__Labs1                  abs1         000000
__Lbank0                 bank0        000000
__Lbank1                 bank1        000000
__Lbank2                 bank2        000000
__Lbank3                 bank3        000000
__Lbank4                 bank4        000000
__Lbank5                 bank5        000000
__Lbank6                 bank6        000000
__Lbank7                 bank7        000000
__Lbigbss                bigbss       000000
__Lbigdata               bigdata      000000
__Lbigram                bigram       000000
__Lbss                   bss          000000
__LbssBANK0              bssBANK0     000000
__LbssBANK1              bssBANK1     000000
__LbssCOMRAM             bssCOMRAM    000000
__Lcinit                 cinit        000000
__Lclrtext               clrtext      000000
__Lcomram                comram       000000
__Lconfig                config       000000
__Lconst                 const        000000
__LcstackBANK0           cstackBANK0  000000
__LcstackCOMRAM          cstackCOMRAM 000000
__Ldata                  data         000000
__LdataCOMRAM            dataCOMRAM   000000
__Leeprom_data           eeprom_data  000000
__Lfarbss                farbss       000000
__Lfardata               fardata      000000
__Libigdata              ibigdata     000000
__Lidata                 idata        000000
__LidataCOMRAM           idataCOMRAM  000000
__Lidloc                 idloc        000000
__Lifardata              ifardata     000000
__Linit                  init         00000E
__Lintcode               intcode      000008
__Lintcode_body          intcode_body 000000
__Lintcodelo             intcodelo    00000E
__Lintentry              intentry     000000
__Lintret                intret       000000
__Lintsave_regs          intsave_regs 000000
__Lirdata                irdata       000000
__Lmediumconst           mediumconst  000000
__LnvFARRAM              nvFARRAM     000000
__Lnvbit                 nvbit        000000
__Lnvrram                nvrram       000000
__Lparam                 rparam       000000
__Lpowerup               powerup      00000E
__Lram                   ram          000000
__Lramtop                ramtop       000800
__Lrbit                  rbit         000000
__Lrbss                  rbss         000000
__Lrdata                 rdata        000000
__Lreset_vec             reset_vec    000000
__Lrparam                rparam       000000
__Lsfr                   sfr          000000
__Lsmallconst            smallconst   000800
__Lspace_0               (abs)        000000
__Lspace_1               (abs)        000000
__Lspace_2               (abs)        000000
__Lspace_4               (abs)        000000
__Lstack                 stack        000000
__Lstruct                struct       000000
__Ltemp                  temp         000049
__Ltext                  text         000000
__Ltext0                 text0        000000
__Ltext1                 text1        000000
__Ltext10                text10       000000
__Ltext11                text11       000000
__Ltext12                text12       000000
__Ltext13                text13       000000
__Ltext14                text14       000000
__Ltext15                text15       000000
__Ltext16                text16       000000
__Ltext17                text17       000000
__Ltext18                text18       000000
__Ltext19                text19       000000
__Ltext2                 text2        000000
__Ltext20                text20       000000
__Ltext21                text21       000000
__Ltext22                text22       000000
__Ltext23                text23       000000
__Ltext24                text24       000000
__Ltext25                text25       000000
__Ltext26                text26       000000
__Ltext27                text27       000000
__Ltext28                text28       000000
__Ltext29                text29       000000
__Ltext3                 text3        000000
__Ltext30                text30       000000
__Ltext31                text31       000000
__Ltext32                text32       000000
__Ltext33                text33       000000
__Ltext35                text35       000000
__Ltext36                text36       000000
__Ltext37                text37       000000
__Ltext38                text38       000000
__Ltext39                text39       000000
__Ltext4                 text4        000000
__Ltext40                text40       000000
__Ltext41                text41       000000
__Ltext42                text42       000000
__Ltext43                text43       000000
__Ltext5                 text5        000000
__Ltext6                 text6        000000
__Ltext7                 text7        000000
__Ltext8                 text8        000000
__Ltext9                 text9        000000
__S0                     (abs)        003BE6
__S1                     (abs)        000150
__S2                     (abs)        000000
__S4                     (abs)        000000
__S5                     (abs)        000000
___awdiv                 text24       0031D6
___awdiv@counter         cstackCOMRAM 00001A
___awdiv@dividend        cstackCOMRAM 000016
___awdiv@divisor         cstackCOMRAM 000018
___awdiv@quotient        cstackCOMRAM 00001C
___awdiv@sign            cstackCOMRAM 00001B
___awmod                 text23       00340E
___awmod@counter         cstackCOMRAM 00001A
___awmod@dividend        cstackCOMRAM 000016
___awmod@divisor         cstackCOMRAM 000018
___awmod@sign            cstackCOMRAM 00001B
___fladd                 text17       001A02
___fladd@a               cstackCOMRAM 00001A
___fladd@aexp            cstackCOMRAM 000023
___fladd@b               cstackCOMRAM 000016
___fladd@bexp            cstackCOMRAM 000024
___fladd@grs             cstackCOMRAM 000025
___fladd@signs           cstackCOMRAM 000022
___fldiv                 text22       0022EC
___fldiv@a               cstackCOMRAM 00001A
___fldiv@aexp            cstackCOMRAM 00002E
___fldiv@b               cstackCOMRAM 000016
___fldiv@bexp            cstackCOMRAM 00002D
___fldiv@grs             cstackCOMRAM 000029
___fldiv@new_exp         cstackCOMRAM 000027
___fldiv@rem             cstackCOMRAM 000022
___fldiv@sign            cstackCOMRAM 000026
___fleq                  text21       0034BE
___fleq@ff1              cstackCOMRAM 000016
___fleq@ff2              cstackCOMRAM 00001A
___flge                  text20       002C50
___flge@ff1              cstackCOMRAM 00002F
___flge@ff2              cstackCOMRAM 000033
___flmul                 text19       001EC2
___flmul@a               cstackCOMRAM 00001A
___flmul@aexp            cstackCOMRAM 000027
___flmul@b               cstackCOMRAM 000016
___flmul@bexp            cstackCOMRAM 000028
___flmul@grs             cstackCOMRAM 000023
___flmul@prod            cstackCOMRAM 000029
___flmul@sign            cstackCOMRAM 000022
___flmul@temp            cstackCOMRAM 00002D
___flneg                 text18       003ABE
___flneg@f1              cstackCOMRAM 000016
___flsub                 text16       0039FC
___flsub@a               cstackCOMRAM 000033
___flsub@b               cstackCOMRAM 00002F
___fltol                 text15       002B4A
___fltol@exp1            cstackCOMRAM 00001F
___fltol@f1              cstackCOMRAM 000016
___fltol@sign1           cstackCOMRAM 00001E
___fpclassifyf           text14       002E5A
___fpclassifyf@F465      bssBANK0     0000EA
___fpclassifyf@e         cstackCOMRAM 00001E
___fpclassifyf@u         cstackCOMRAM 000020
___fpclassifyf@x         cstackCOMRAM 000016
___inthi_sp              stack        000000
___intlo_sp              stack        000000
___param_bank            (abs)        000000
___rparam_used           (abs)        000001
___sp                    stack        000000
___wmul                  text28       003B2E
___wmul@multiplicand     cstackCOMRAM 000018
___wmul@multiplier       cstackCOMRAM 000016
___wmul@product          cstackCOMRAM 00001A
__accesstop              (abs)        000060
__activetblptr           (abs)        000002
__end_of___awdiv         text24       00329A
__end_of___awmod         text23       0034BE
__end_of___fladd         text17       001EC2
__end_of___fldiv         text22       002686
__end_of___fleq          text21       003568
__end_of___flge          text20       002D56
__end_of___flmul         text19       0022EC
__end_of___flneg         text18       003AF6
__end_of___flsub         text16       003A42
__end_of___fltol         text15       002C50
__end_of___fpclassifyf   text14       002F58
__end_of___wmul          text28       003B54
__end_of__initialization cinit        0038AE
__end_of_alerta          text37       00340E
__end_of_atoi            text25       002A2C
__end_of_comando_lcd     text30       003B6E
__end_of_dado_lcd        text33       003B88
__end_of_efgtoa          text5        001498
__end_of_floorf          text13       00289C
__end_of_fputc           text11       0031D6
__end_of_fputs           text10       003A86
__end_of_geraTensao      text36       003036
__end_of_imprime_lcd     text31       0035E4
__end_of_isdigit         text27       003B2E
__end_of_isr             intcode_body 003660
__end_of_isspace         text26       003960
__end_of_isupper         text7        003ABE
__end_of_limpa_lcd       text29       003BCA
__end_of_main            text0        002B4A
__end_of_pad             text9        00335C
__end_of_putch           text12       003BE6
__end_of_sprintf         text1        00390E
__end_of_strcpy          text8        00386A
__end_of_strlen          text32       0039AE
__end_of_strncmp         text4        00310C
__end_of_tolower         text6        00380E
__end_of_verificaOValor  text35       00374C
__end_of_vfpfcnvrt       text3        001A02
__end_of_vfprintf        text2        0037AE
__end_ofi2___flge        text43       002E5A
__end_ofi2_comando_lcd   text39       003BA2
__end_ofi2_dado_lcd      text42       003BBC
__end_ofi2_imprime_lcd   text40       0036DC
__end_ofi2_limpa_lcd     text38       003BD8
__end_ofi2_strlen        text41       0039FC
__initialization         cinit        00386A
__mediumconst            mediumconst  000000
__pbssBANK0              bssBANK0     0000E6
__pbssBANK1              bssBANK1     000100
__pbssCOMRAM             bssCOMRAM    000043
__pcinit                 cinit        00386A
__pcstackBANK0           cstackBANK0  000060
__pcstackCOMRAM          cstackCOMRAM 000001
__pdataCOMRAM            dataCOMRAM   000037
__pidataCOMRAM           idataCOMRAM  003BD8
__pintcode               intcode      000008
__pintcode_body          intcode_body 0035E4
__psmallconst            smallconst   000800
__ptext0                 text0        002A2C
__ptext1                 text1        0038BC
__ptext10                text10       003A42
__ptext11                text11       00310C
__ptext12                text12       003BE4
__ptext13                text13       002686
__ptext14                text14       002E5A
__ptext15                text15       002B4A
__ptext16                text16       0039FC
__ptext17                text17       001A02
__ptext18                text18       003ABE
__ptext19                text19       001EC2
__ptext2                 text2        00374C
__ptext20                text20       002C50
__ptext21                text21       0034BE
__ptext22                text22       0022EC
__ptext23                text23       00340E
__ptext24                text24       0031D6
__ptext25                text25       00289C
__ptext26                text26       00390E
__ptext27                text27       003AF6
__ptext28                text28       003B2E
__ptext29                text29       003BBC
__ptext3                 text3        001498
__ptext30                text30       003B54
__ptext31                text31       003568
__ptext32                text32       003960
__ptext33                text33       003B6E
__ptext35                text35       0036DC
__ptext36                text36       002F58
__ptext37                text37       00335C
__ptext38                text38       003BCA
__ptext39                text39       003B88
__ptext4                 text4        003036
__ptext40                text40       003660
__ptext41                text41       0039AE
__ptext42                text42       003BA2
__ptext43                text43       002D56
__ptext5                 text5        00083E
__ptext6                 text6        0037AE
__ptext7                 text7        003A86
__ptext8                 text8        00380E
__ptext9                 text9        00329A
__ramtop                 ramtop       000800
__size_of___awdiv        (abs)        000000
__size_of___awmod        (abs)        000000
__size_of___fladd        (abs)        000000
__size_of___fldiv        (abs)        000000
__size_of___fleq         (abs)        000000
__size_of___flge         (abs)        000000
__size_of___flmul        (abs)        000000
__size_of___flneg        (abs)        000000
__size_of___flsub        (abs)        000000
__size_of___fltol        (abs)        000000
__size_of___fpclassifyf  (abs)        000000
__size_of___wmul         (abs)        000000
__size_of_alerta         (abs)        000000
__size_of_atoi           (abs)        000000
__size_of_comando_lcd    (abs)        000000
__size_of_dado_lcd       (abs)        000000
__size_of_efgtoa         (abs)        000000
__size_of_floorf         (abs)        000000
__size_of_fputc          (abs)        000000
__size_of_fputs          (abs)        000000
__size_of_geraTensao     (abs)        000000
__size_of_imprime_lcd    (abs)        000000
__size_of_isdigit        (abs)        000000
__size_of_isr            (abs)        000000
__size_of_isspace        (abs)        000000
__size_of_isupper        (abs)        000000
__size_of_limpa_lcd      (abs)        000000
__size_of_main           (abs)        000000
__size_of_pad            (abs)        000000
__size_of_putch          (abs)        000000
__size_of_sprintf        (abs)        000000
__size_of_strcpy         (abs)        000000
__size_of_strlen         (abs)        000000
__size_of_strncmp        (abs)        000000
__size_of_tolower        (abs)        000000
__size_of_verificaOValor (abs)        000000
__size_of_vfpfcnvrt      (abs)        000000
__size_of_vfprintf       (abs)        000000
__size_ofi2___flge       (abs)        000000
__size_ofi2_comando_lcd  (abs)        000000
__size_ofi2_dado_lcd     (abs)        000000
__size_ofi2_imprime_lcd  (abs)        000000
__size_ofi2_limpa_lcd    (abs)        000000
__size_ofi2_strlen       (abs)        000000
__smallconst             smallconst   000800
_alerta                  text37       00335C
_atoi                    text25       00289C
_atoi$1009               cstackCOMRAM 000025
_atoi$1010               cstackCOMRAM 000029
_atoi$1011               cstackCOMRAM 000027
_comando_lcd             text30       003B54
_dado_lcd                text33       003B6E
_dbuf                    bssBANK1     000100
_efgtoa                  text5        00083E
_efgtoa$944              cstackBANK0  00007C
_efgtoa$945              cstackBANK0  00007E
_efgtoa$950              cstackBANK0  000080
_efgtoa$954              cstackBANK0  000082
_efgtoa$955              cstackBANK0  000084
_efgtoa$956              cstackBANK0  000086
_flags                   bssCOMRAM    000047
_floorf                  text13       002686
_fputc                   text11       00310C
_fputs                   text10       003A42
_geraTensao              text36       002F58
_imprime_lcd             text31       003568
_isdigit                 text27       003AF6
_isr                     intcode      000008
_isspace                 text26       00390E
_isspace$1040            cstackCOMRAM 00001C
_isupper                 text7        003A86
_limpa_lcd               text29       003BBC
_main                    text0        002A2C
_nout                    bssBANK0     0000EE
_pad                     text9        00329A
_prec                    bssCOMRAM    000045
_putch                   text12       003BE4
_sprintf                 text1        0038BC
_strcpy                  text8        00380E
_strlen                  text32       003960
_strncmp                 text4        003036
_temperatura             dataCOMRAM   00003F
_temperaturaMaxima       dataCOMRAM   00003B
_temperaturaMinima       dataCOMRAM   000037
_temperature             bssBANK0     0000F2
_tensao                  bssBANK0     0000F0
_tolower                 text6        0037AE
_tolower$1104            cstackCOMRAM 000022
_verificaOValor          text35       0036DC
_vfpfcnvrt               text3        001498
_vfpfcnvrt$970           cstackBANK0  0000BE
_vfpfcnvrt$971           cstackBANK0  0000C0
_vfpfcnvrt$975           cstackBANK0  0000C2
_vfprintf                text2        00374C
_width                   bssCOMRAM    000043
atoi@n                   cstackCOMRAM 00002A
atoi@neg                 cstackCOMRAM 000023
atoi@s                   cstackCOMRAM 00001D
btemp                    temp         000049
comando_lcd@comando      cstackCOMRAM 000016
dado_lcd@dado            cstackCOMRAM 000016
efgtoa@c                 cstackBANK0  000076
efgtoa@d                 cstackBANK0  000094
efgtoa@e                 cstackBANK0  0000AC
efgtoa@f                 cstackBANK0  000072
efgtoa@fp                cstackBANK0  000070
efgtoa@g                 cstackBANK0  0000A8
efgtoa@h                 cstackBANK0  00009E
efgtoa@i                 cstackBANK0  0000A6
efgtoa@l                 cstackBANK0  0000A2
efgtoa@m                 cstackBANK0  00008E
efgtoa@mode              cstackBANK0  00009D
efgtoa@n                 cstackBANK0  0000AE
efgtoa@ne                cstackBANK0  00008C
efgtoa@nmode             cstackBANK0  00009C
efgtoa@ou                cstackBANK0  000090
efgtoa@p                 cstackBANK0  000098
efgtoa@pp                cstackBANK0  00008A
efgtoa@sign              cstackBANK0  000096
efgtoa@t                 cstackBANK0  000088
efgtoa@u                 cstackBANK0  0000B0
efgtoa@w                 cstackBANK0  00009A
end_of_initialization    cinit        0038AE
floorf@F527              bssBANK0     0000E6
floorf@e                 cstackBANK0  00006A
floorf@m                 cstackBANK0  000066
floorf@u                 cstackBANK0  00006C
floorf@x                 cstackCOMRAM 00002F
fputc@c                  cstackCOMRAM 000016
fputc@fp                 cstackCOMRAM 000018
fputs@c                  cstackCOMRAM 000023
fputs@fp                 cstackCOMRAM 000021
fputs@i                  cstackCOMRAM 000024
fputs@s                  cstackCOMRAM 00001F
i2___flge                text43       002D56
i2___flge@ff1            cstackCOMRAM 000001
i2___flge@ff2            cstackCOMRAM 000005
i2_comando_lcd           text39       003B88
i2_dado_lcd              text42       003BA2
i2_imprime_lcd           text40       003660
i2_limpa_lcd             text38       003BCA
i2_strlen                text41       0039AE
i2comando_lcd@comando    cstackCOMRAM 000001
i2dado_lcd@dado          cstackCOMRAM 000001
i2imprime_lcd@frase      cstackCOMRAM 000005
i2imprime_lcd@indice     cstackCOMRAM 00000C
i2imprime_lcd@tamanho    cstackCOMRAM 00000A
i2strlen@a               cstackCOMRAM 000003
i2strlen@s               cstackCOMRAM 000001
imprime_lcd@frase        cstackCOMRAM 00001A
imprime_lcd@indice       cstackCOMRAM 000021
imprime_lcd@tamanho      cstackCOMRAM 00001F
int$flags                temp         000049
int_func                 intcode_body 0035E4
intlevel0                text         000000
intlevel1                text         000000
intlevel2                text         000000
intlevel3                text         000000
isa$std                  (abs)        000001
isa$xinst                (abs)        000000
isdigit@c                cstackCOMRAM 000016
isspace@c                cstackCOMRAM 000016
isupper@c                cstackCOMRAM 000016
pad@buf                  cstackCOMRAM 000028
pad@fp                   cstackCOMRAM 000026
pad@i                    cstackCOMRAM 00002D
pad@p                    cstackCOMRAM 00002A
pad@w                    cstackCOMRAM 00002F
sprintf@ap               cstackBANK0  0000DC
sprintf@f                cstackBANK0  0000DE
sprintf@fmt              cstackBANK0  0000D6
sprintf@s                cstackBANK0  0000D4
stackhi                  (abs)        0007FF
stacklo                  (abs)        000150
start                    init         00000E
start_initialization     cinit        00386A
strcpy@d                 cstackCOMRAM 00001E
strcpy@dest              cstackCOMRAM 000016
strcpy@s                 cstackCOMRAM 00001C
strcpy@src               cstackCOMRAM 000018
strlen@a                 cstackCOMRAM 000018
strlen@s                 cstackCOMRAM 000016
strncmp@_l               cstackCOMRAM 000016
strncmp@_r               cstackCOMRAM 000018
strncmp@l                cstackCOMRAM 00001D
strncmp@n                cstackCOMRAM 00001A
strncmp@r                cstackCOMRAM 00001F
tolower@c                cstackCOMRAM 00001C
ttemp5                   temp         00004A
ttemp6                   temp         00004D
ttemp7                   temp         000051
vfpfcnvrt@ap             cstackBANK0  0000B8
vfpfcnvrt@c              cstackBANK0  0000CB
vfpfcnvrt@ct             cstackBANK0  0000C4
vfpfcnvrt@f              cstackBANK0  0000C7
vfpfcnvrt@fmt            cstackBANK0  0000B6
vfpfcnvrt@fp             cstackBANK0  0000B4
vfprintf@ap              cstackBANK0  0000D0
vfprintf@cfmt            cstackBANK0  0000D2
vfprintf@fmt             cstackBANK0  0000CE
vfprintf@fp              cstackBANK0  0000CC
wtemp8                   temp         00004A


MODULE INFORMATION

Module		Function		Class		Link	Load	Size
C:\Program Files\Microchip\xc8\v2.32\pic\sources\c99\common\nf_sprintf.c
		_sprintf       		CODE           	38BC	0000	82

C:\Program Files\Microchip\xc8\v2.32\pic\sources\c99\common\nf_sprintf.c estimated size: 82

C:\Program Files\Microchip\xc8\v2.32\pic\sources\c99\common\awdiv.c
		___awdiv       		CODE           	31D6	0000	196

C:\Program Files\Microchip\xc8\v2.32\pic\sources\c99\common\awdiv.c estimated size: 196

C:\Program Files\Microchip\xc8\v2.32\pic\sources\c99\common\isdigit.c
		_isdigit       		CODE           	3AF6	0000	56

C:\Program Files\Microchip\xc8\v2.32\pic\sources\c99\common\isdigit.c estimated size: 56

C:\Program Files\Microchip\xc8\v2.32\pic\sources\c99\common\sprcadd.c
		___flsub       		CODE           	39FC	0000	70
		___fladd       		CODE           	1A02	0000	1216

C:\Program Files\Microchip\xc8\v2.32\pic\sources\c99\common\sprcadd.c estimated size: 1286

C:\Program Files\Microchip\xc8\v2.32\pic\sources\c99\common\doprnt.c
		_vfpfcnvrt     		CODE           	1498	0000	1386
		_efgtoa        		CODE           	083E	0000	3162
		_pad           		CODE           	329A	0000	194
		_vfprintf      		CODE           	374C	0000	98

C:\Program Files\Microchip\xc8\v2.32\pic\sources\c99\common\doprnt.c estimated size: 4840

C:\Program Files\Microchip\xc8\v2.32\pic\sources\c99\common\flneg.c
		___flneg       		CODE           	3ABE	0000	56

C:\Program Files\Microchip\xc8\v2.32\pic\sources\c99\common\flneg.c estimated size: 56

./lcd.intermed.h
		_imprime_lcd   		CODE           	3568	0000	124
		_comando_lcd   		CODE           	3B54	0000	26
		_limpa_lcd     		CODE           	3BBC	0000	14
		_dado_lcd      		CODE           	3B6E	0000	26

./lcd.intermed.h estimated size: 190

C:\Program Files\Microchip\xc8\v2.32\pic\sources\c99\common\atoi.c
		_atoi          		CODE           	289C	0000	400

C:\Program Files\Microchip\xc8\v2.32\pic\sources\c99\common\atoi.c estimated size: 400

C:\Program Files\Microchip\xc8\v2.32\pic\sources\c99\common\nf_fputs.c
		_fputs         		CODE           	3A42	0000	68

C:\Program Files\Microchip\xc8\v2.32\pic\sources\c99\common\nf_fputs.c estimated size: 68

C:\Program Files\Microchip\xc8\v2.32\pic\sources\c99\common\fleq.c
		___fleq        		CODE           	34BE	0000	170

C:\Program Files\Microchip\xc8\v2.32\pic\sources\c99\common\fleq.c estimated size: 170

lcd.frase.c
		_main          		CODE           	2A2C	0000	286
		_geraTensao    		CODE           	2F58	0000	222
		_verificaOValor		CODE           	36DC	0000	112
		_isr           		CODE           	0008	0000	130
		_alerta        		CODE           	335C	0000	178

lcd.frase.c estimated size: 928

C:\Program Files\Microchip\xc8\v2.32\pic\sources\c99\common\putch.c
		_putch         		CODE           	3BE4	0000	2

C:\Program Files\Microchip\xc8\v2.32\pic\sources\c99\common\putch.c estimated size: 2

C:\Program Files\Microchip\xc8\v2.32\pic\sources\c99\common\__fpclassifyf.c
		___fpclassifyf 		CODE           	2E5A	0000	254

C:\Program Files\Microchip\xc8\v2.32\pic\sources\c99\common\__fpclassifyf.c estimated size: 254

C:\Program Files\Microchip\xc8\v2.32\pic\sources\c99\common\isupper.c
		_isupper       		CODE           	3A86	0000	56

C:\Program Files\Microchip\xc8\v2.32\pic\sources\c99\common\isupper.c estimated size: 56

C:\Program Files\Microchip\xc8\v2.32\pic\sources\c99\common\Umul16.c
		___wmul        		CODE           	3B2E	0000	38

C:\Program Files\Microchip\xc8\v2.32\pic\sources\c99\common\Umul16.c estimated size: 38

C:\Program Files\Microchip\xc8\v2.32\pic\sources\c99\common\isspace.c
		_isspace       		CODE           	390E	0000	82

C:\Program Files\Microchip\xc8\v2.32\pic\sources\c99\common\isspace.c estimated size: 82

C:\Program Files\Microchip\xc8\v2.32\pic\sources\c99\common\strncmp.c
		_strncmp       		CODE           	3036	0000	214

C:\Program Files\Microchip\xc8\v2.32\pic\sources\c99\common\strncmp.c estimated size: 214

C:\Program Files\Microchip\xc8\v2.32\pic\sources\c99\common\tolower.c
		_tolower       		CODE           	37AE	0000	96

C:\Program Files\Microchip\xc8\v2.32\pic\sources\c99\common\tolower.c estimated size: 96

shared
		i2_dado_lcd    		CODE           	3BA2	0000	26
		i2_limpa_lcd   		CODE           	3BCA	0000	14
		i2_comando_lcd 		CODE           	3B88	0000	26
		i2_imprime_lcd 		CODE           	3660	0000	124
		__initialization		CODE           	386A	0000	68
		i2___flge      		CODE           	2D56	0000	260
		i2_strlen      		CODE           	39AE	0000	78

shared estimated size: 596

C:\Program Files\Microchip\xc8\v2.32\pic\sources\c99\common\sprcmul.c
		___flmul       		CODE           	1EC2	0000	1066

C:\Program Files\Microchip\xc8\v2.32\pic\sources\c99\common\sprcmul.c estimated size: 1066

C:\Program Files\Microchip\xc8\v2.32\pic\sources\c99\common\awmod.c
		___awmod       		CODE           	340E	0000	176

C:\Program Files\Microchip\xc8\v2.32\pic\sources\c99\common\awmod.c estimated size: 176

C:\Program Files\Microchip\xc8\v2.32\pic\sources\c99\common\sprcdiv.c
		___fldiv       		CODE           	22EC	0000	922

C:\Program Files\Microchip\xc8\v2.32\pic\sources\c99\common\sprcdiv.c estimated size: 922

C:\Program Files\Microchip\xc8\v2.32\pic\sources\c99\common\fltol.c
		___fltol       		CODE           	2B4A	0000	262

C:\Program Files\Microchip\xc8\v2.32\pic\sources\c99\common\fltol.c estimated size: 262

C:\Program Files\Microchip\xc8\v2.32\pic\sources\c99\common\nf_fputc.c
		_fputc         		CODE           	310C	0000	202

C:\Program Files\Microchip\xc8\v2.32\pic\sources\c99\common\nf_fputc.c estimated size: 202

C:\Program Files\Microchip\xc8\v2.32\pic\sources\c99\common\strlen.c
		_strlen        		CODE           	3960	0000	78

C:\Program Files\Microchip\xc8\v2.32\pic\sources\c99\common\strlen.c estimated size: 78

C:\Program Files\Microchip\xc8\v2.32\pic\sources\c99\common\flge.c
		___flge        		CODE           	2C50	0000	262

C:\Program Files\Microchip\xc8\v2.32\pic\sources\c99\common\flge.c estimated size: 262

C:\Program Files\Microchip\xc8\v2.32\pic\sources\c99\common\floorf.c
		_floorf        		CODE           	2686	0000	534

C:\Program Files\Microchip\xc8\v2.32\pic\sources\c99\common\floorf.c estimated size: 534

C:\Program Files\Microchip\xc8\v2.32\pic\sources\c99\common\strcpy.c
		_strcpy        		CODE           	380E	0000	92

C:\Program Files\Microchip\xc8\v2.32\pic\sources\c99\common\strcpy.c estimated size: 92

